// Jest Snapshot v1, https://goo.gl/fbAQLP

exports[`Genre should match snapshot 1`] = `
<div>
  <div
    class="genre-category"
  >
    <div
      class="genre-image-container"
    >
      <img
        alt="song"
        class="genre-image"
        src="genre-country.png"
      />
      <div
        class="genre-image-name"
      >
        Country
      </div>
    </div>
    <div
      class="genre-row"
      data-testid="genre-row"
    >
      <div
        class="song-card"
        data-testid="song-card"
      >
        <img
          alt="song"
          class="song-image"
          src="https://i.scdn.co/image/ab67616d0000b273d9009cc16eddbc6664508cd8"
        />
        <div
          class="song-container"
        >
          <div>
            <div
              class="song-name"
            >
              Gone, Gone, Gone
            </div>
            <div
              class="song-artist"
            >
              Phillip Phillips
            </div>
          </div>
          <div
            class="song-image-container"
          >
            <input
              alt="text"
              class="song-heart-button"
              data-testid="gray-heart"
              src="heart-gray.svg"
              type="image"
            />
            <div
              class="song-likes"
            >
              <span
                class="song-like-count"
              >
                3
              </span>
            </div>
          </div>
        </div>
      </div>
    </div>
  </div>
  <div
    class="genre-category"
  >
    <div
      class="genre-image-container"
    >
      <img
        alt="song"
        class="genre-image"
        src="genre-country.png"
      />
      <div
        class="genre-image-name"
      >
        Bollywoord
      </div>
    </div>
    <div
      class="genre-row"
      data-testid="genre-row"
    >
      <div
        class="song-card"
        data-testid="song-card"
      >
        <img
          alt="song"
          class="song-image"
          src="https://i.scdn.co/image/ab67616d0000b273b9c46d2b8d5604c33cc578b7"
        />
        <div
          class="song-container"
        >
          <div>
            <div
              class="song-name"
            >
              Illegal Weapon 2.0 (From Street Dancer 3D)
            </div>
            <div
              class="song-artist"
            >
              Jasmine Sandlas
            </div>
          </div>
          <div
            class="song-image-container"
          >
            <input
              alt="text"
              class="song-heart-button"
              data-testid="gray-heart"
              src="heart-gray.svg"
              type="image"
            />
            <div
              class="song-likes"
            >
              <span
                class="song-like-count"
              >
                3
              </span>
            </div>
          </div>
        </div>
      </div>
    </div>
  </div>
</div>
`;
