// Jest Snapshot v1, https://goo.gl/fbAQLP

exports[`Music shoudl match snapshot 1`] = `
<div>
  <div
    class="music"
  >
    <span
      class="music-allsongs"
    >
      All Songs
    </span>
    <div
      class="music-container"
    />
  </div>
</div>
`;

exports[`Music should match snapshot 1`] = `
<div>
  <div
    class="music"
  >
    <span
      class="music-allsongs"
    >
      All Songs
    </span>
    <div
      class="music-container"
    />
  </div>
</div>
`;
